ARM Linker, 4.1 [Build 481] [Standard]

==============================================================================

Section Cross References

    startup_stm32f10x_hd.o(RESET) refers to startup_stm32f10x_hd.o(STACK) for __initial_sp
    startup_stm32f10x_hd.o(RESET) refers to startup_stm32f10x_hd.o(.text) for Reset_Handler
    startup_stm32f10x_hd.o(RESET) refers to stm32f10x_it.o(.text) for NMI_Handler
    startup_stm32f10x_hd.o(RESET) refers to usart.o(.text) for USART1_IRQHandler
    startup_stm32f10x_hd.o(.text) refers to system_stm32f10x.o(.text) for SystemInit
    startup_stm32f10x_hd.o(.text) refers to entry.o(.ARM.Collect$$$$00000000) for __main
    stm32f10x_rcc.o(.text) refers to stm32f10x_rcc.o(.data) for APBAHBPrescTable
    stm32f10x_tim.o(.text) refers to stm32f10x_rcc.o(.text) for RCC_APB2PeriphResetCmd
    stm32f10x_usart.o(.text) refers to stm32f10x_rcc.o(.text) for RCC_APB2PeriphResetCmd
    stm32f10x_gpio.o(.text) refers to stm32f10x_rcc.o(.text) for RCC_APB2PeriphResetCmd
    main.o(.text) refers to delay.o(.text) for delay_init
    main.o(.text) refers to sys.o(.text) for NVIC_Configuration
    main.o(.text) refers to usart.o(.text) for uart_init
    main.o(.text) refers to bsp_ov7725.o(.text) for OV7725_GPIO_Config
    main.o(.text) refers to dma.o(.text) for MYDMA_Config
    main.o(.text) refers to stm32f10x_usart.o(.text) for USART_DMACmd
    main.o(.text) refers to stm32f10x_dma.o(.text) for DMA_GetFlagStatus
    main.o(.text) refers to main.o(.data) for SendBuff
    main.o(.text) refers to bsp_ov7725.o(.data) for cam_mode
    stm32f10x_it.o(.text) refers to stm32f10x_exti.o(.text) for EXTI_GetITStatus
    stm32f10x_it.o(.text) refers to bsp_ov7725.o(.data) for Ov7725_vsync
    system_stm32f10x.o(.text) refers to system_stm32f10x.o(.data) for SystemCoreClock
    dma.o(.text) refers to stm32f10x_rcc.o(.text) for RCC_AHBPeriphClockCmd
    dma.o(.text) refers to stm32f10x_dma.o(.text) for DMA_DeInit
    dma.o(.text) refers to dma.o(.data) for DMA1_MEM_LEN
    dma.o(.text) refers to dma.o(.bss) for DMA_InitStructure
    bsp_ov7725.o(.text) refers to stm32f10x_rcc.o(.text) for RCC_APB2PeriphClockCmd
    bsp_ov7725.o(.text) refers to stm32f10x_gpio.o(.text) for GPIO_Init
    bsp_ov7725.o(.text) refers to stm32f10x_exti.o(.text) for EXTI_Init
    bsp_ov7725.o(.text) refers to misc.o(.text) for NVIC_PriorityGroupConfig
    bsp_ov7725.o(.text) refers to bsp_sccb.o(.text) for SCCB_GPIO_Config
    bsp_ov7725.o(.text) refers to bsp_ov7725.o(.data) for Sensor_Config
    bsp_sccb.o(.text) refers to stm32f10x_rcc.o(.text) for RCC_APB2PeriphClockCmd
    bsp_sccb.o(.text) refers to stm32f10x_gpio.o(.text) for GPIO_Init
    delay.o(.text) refers to misc.o(.text) for SysTick_CLKSourceConfig
    delay.o(.text) refers to system_stm32f10x.o(.data) for SystemCoreClock
    delay.o(.text) refers to delay.o(.data) for fac_us
    sys.o(.text) refers to misc.o(.text) for NVIC_PriorityGroupConfig
    usart.o(.text) refers to stm32f10x_rcc.o(.text) for RCC_APB2PeriphClockCmd
    usart.o(.text) refers to stm32f10x_gpio.o(.text) for GPIO_Init
    usart.o(.text) refers to misc.o(.text) for NVIC_Init
    usart.o(.text) refers to stm32f10x_usart.o(.text) for USART_Init
    usart.o(.text) refers to usart.o(.data) for USART_RX_STA
    usart.o(.text) refers to usart.o(.bss) for USART_RX_BUF
    entry.o(.ARM.Collect$$$$00000000) refers (Special) to entry7.o(.ARM.Collect$$$$00000007) for _main_init
    entry.o(.ARM.Collect$$$$00000000) refers (Special) to entry5.o(.ARM.Collect$$$$00000004) for _main_scatterload
    entry.o(.ARM.Collect$$$$00000000) refers (Special) to entry2.o(.ARM.Collect$$$$00000001) for _main_stk
    entry2.o(.ARM.Collect$$$$00000001) refers to entry2.o(.ARM.Collect$$$$00002712) for __lit__00000000
    entry2.o(.ARM.Collect$$$$00002712) refers to startup_stm32f10x_hd.o(STACK) for __initial_sp
    entry2.o(__vectab_stack_and_reset_area) refers to startup_stm32f10x_hd.o(STACK) for __initial_sp
    entry2.o(__vectab_stack_and_reset_area) refers to entry.o(.ARM.Collect$$$$00000000) for __main
    entry5.o(.ARM.Collect$$$$00000004) refers to init.o(.text) for __scatterload
    entry7.o(.ARM.Collect$$$$00000007) refers to main.o(.text) for main
    init.o(.text) refers to entry5.o(.ARM.Collect$$$$00000004) for __main_after_scatterload


==============================================================================

Removing Unused input sections from the image.

    Removing core_cm3.o(.emb_text), (32 bytes).
    Removing startup_stm32f10x_hd.o(HEAP), (512 bytes).
    Removing stm32f10x_tim.o(.text), (3502 bytes).
    Removing main.o(.constdata), (30 bytes).

4 unused section(s) (total 4076 bytes) removed from the image.

==============================================================================

Image Symbol Table

    Local Symbols

    Symbol Name                              Value     Ov Type        Size  Object(Section)

    ../../../cmprslib/zerorunl.c             0x00000000   Number         0  __dczerorl.o ABSOLUTE
    ../../microlib/init/entry.s              0x00000000   Number         0  entry7.o ABSOLUTE
    ../../microlib/init/entry.s              0x00000000   Number         0  entry5.o ABSOLUTE
    ../../microlib/init/entry.s              0x00000000   Number         0  entry2.o ABSOLUTE
    ../../microlib/init/entry.s              0x00000000   Number         0  entry.o ABSOLUTE
    ../../microlib/stubs.s                   0x00000000   Number         0  useno.o ABSOLUTE
    ..\CORE\core_cm3.c                       0x00000000   Number         0  core_cm3.o ABSOLUTE
    ..\CORE\startup_stm32f10x_hd.s           0x00000000   Number         0  startup_stm32f10x_hd.o ABSOLUTE
    ..\STM32F10x_FWLib\src\misc.c            0x00000000   Number         0  misc.o ABSOLUTE
    ..\STM32F10x_FWLib\src\stm32f10x_dma.c   0x00000000   Number         0  stm32f10x_dma.o ABSOLUTE
    ..\STM32F10x_FWLib\src\stm32f10x_exti.c  0x00000000   Number         0  stm32f10x_exti.o ABSOLUTE
    ..\STM32F10x_FWLib\src\stm32f10x_gpio.c  0x00000000   Number         0  stm32f10x_gpio.o ABSOLUTE
    ..\STM32F10x_FWLib\src\stm32f10x_rcc.c   0x00000000   Number         0  stm32f10x_rcc.o ABSOLUTE
    ..\STM32F10x_FWLib\src\stm32f10x_tim.c   0x00000000   Number         0  stm32f10x_tim.o ABSOLUTE
    ..\STM32F10x_FWLib\src\stm32f10x_usart.c 0x00000000   Number         0  stm32f10x_usart.o ABSOLUTE
    ..\SYSTEM\delay.c                        0x00000000   Number         0  delay.o ABSOLUTE
    ..\SYSTEM\sys.c                          0x00000000   Number         0  sys.o ABSOLUTE
    ..\SYSTEM\usart.c                        0x00000000   Number         0  usart.o ABSOLUTE
    ..\USER\bsp_ov7725.c                     0x00000000   Number         0  bsp_ov7725.o ABSOLUTE
    ..\USER\bsp_sccb.c                       0x00000000   Number         0  bsp_sccb.o ABSOLUTE
    ..\USER\dma.c                            0x00000000   Number         0  dma.o ABSOLUTE
    ..\USER\main.c                           0x00000000   Number         0  main.o ABSOLUTE
    ..\USER\stm32f10x_it.c                   0x00000000   Number         0  stm32f10x_it.o ABSOLUTE
    ..\USER\system_stm32f10x.c               0x00000000   Number         0  system_stm32f10x.o ABSOLUTE
    ..\\CORE\\core_cm3.c                     0x00000000   Number         0  core_cm3.o ABSOLUTE
    dc.s                                     0x00000000   Number         0  dc.o ABSOLUTE
    handlers.s                               0x00000000   Number         0  handlers.o ABSOLUTE
    init.s                                   0x00000000   Number         0  init.o ABSOLUTE
    RESET                                    0x08000000   Section      304  startup_stm32f10x_hd.o(RESET)
    .ARM.Collect$$$$00000000                 0x08000130   Section        0  entry.o(.ARM.Collect$$$$00000000)
    .ARM.Collect$$$$00000001                 0x08000130   Section        4  entry2.o(.ARM.Collect$$$$00000001)
    .ARM.Collect$$$$00000004                 0x08000134   Section        4  entry5.o(.ARM.Collect$$$$00000004)
    .ARM.Collect$$$$00000007                 0x08000138   Section        8  entry7.o(.ARM.Collect$$$$00000007)
    .ARM.Collect$$$$00002712                 0x08000140   Section        4  entry2.o(.ARM.Collect$$$$00002712)
    __lit__00000000                          0x08000140   Data           4  entry2.o(.ARM.Collect$$$$00002712)
    .text                                    0x08000144   Section       36  startup_stm32f10x_hd.o(.text)
    .text                                    0x08000168   Section        0  misc.o(.text)
    .text                                    0x08000260   Section        0  stm32f10x_dma.o(.text)
    .text                                    0x080004a8   Section        0  stm32f10x_rcc.o(.text)
    .text                                    0x0800084c   Section        0  stm32f10x_usart.o(.text)
    .text                                    0x08000c58   Section        0  stm32f10x_gpio.o(.text)
    .text                                    0x08000fb0   Section        0  stm32f10x_exti.o(.text)
    .text                                    0x080010ec   Section        0  main.o(.text)
    .text                                    0x08001264   Section        0  stm32f10x_it.o(.text)
    .text                                    0x080012e4   Section        0  system_stm32f10x.o(.text)
    SetSysClockTo72                          0x080012e5   Thumb Code   192  system_stm32f10x.o(.text)
    SetSysClock                              0x080013a5   Thumb Code     8  system_stm32f10x.o(.text)
    .text                                    0x080014ac   Section        0  dma.o(.text)
    .text                                    0x0800152c   Section        0  bsp_ov7725.o(.text)
    FIFO_GPIO_Config                         0x0800152d   Thumb Code   130  bsp_ov7725.o(.text)
    VSYNC_GPIO_Config                        0x080015af   Thumb Code   118  bsp_ov7725.o(.text)
    .text                                    0x08001b3c   Section        0  bsp_sccb.o(.text)
    SCCB_delay                               0x08001b61   Thumb Code    16  bsp_sccb.o(.text)
    SCCB_Start                               0x08001b71   Thumb Code    78  bsp_sccb.o(.text)
    SCCB_Stop                                0x08001bbf   Thumb Code    52  bsp_sccb.o(.text)
    SCCB_Ack                                 0x08001bf3   Thumb Code    52  bsp_sccb.o(.text)
    SCCB_NoAck                               0x08001c27   Thumb Code    52  bsp_sccb.o(.text)
    SCCB_WaitAck                             0x08001c5b   Thumb Code    72  bsp_sccb.o(.text)
    SCCB_SendByte                            0x08001ca3   Thumb Code    84  bsp_sccb.o(.text)
    SCCB_ReceiveByte                         0x08001cf7   Thumb Code    80  bsp_sccb.o(.text)
    .text                                    0x08001e04   Section        0  delay.o(.text)
    .text                                    0x08001ec8   Section        0  sys.o(.text)
    .text                                    0x08001ed4   Section        0  usart.o(.text)
    .text                                    0x08002010   Section       36  init.o(.text)
    .text                                    0x08002034   Section        0  __dczerorl.o(.text)
    i.__scatterload_copy                     0x0800206e   Section       14  handlers.o(i.__scatterload_copy)
    i.__scatterload_null                     0x0800207c   Section        2  handlers.o(i.__scatterload_null)
    i.__scatterload_zeroinit                 0x0800207e   Section       14  handlers.o(i.__scatterload_zeroinit)
    .data                                    0x20000000   Section       20  stm32f10x_rcc.o(.data)
    APBAHBPrescTable                         0x20000000   Data          16  stm32f10x_rcc.o(.data)
    ADCPrescTable                            0x20000010   Data           4  stm32f10x_rcc.o(.data)
    .data                                    0x20000014   Section    19202  main.o(.data)
    .data                                    0x20004b18   Section       20  system_stm32f10x.o(.data)
    .data                                    0x20004b2c   Section        2  dma.o(.data)
    .data                                    0x20004b2e   Section      176  bsp_ov7725.o(.data)
    .data                                    0x20004bde   Section        4  delay.o(.data)
    fac_us                                   0x20004bde   Data           1  delay.o(.data)
    fac_ms                                   0x20004be0   Data           2  delay.o(.data)
    .data                                    0x20004be4   Section        8  usart.o(.data)
    .bss                                     0x20004bec   Section       44  dma.o(.bss)
    .bss                                     0x20004c18   Section      200  usart.o(.bss)
    STACK                                    0x20004ce0   Section     1024  startup_stm32f10x_hd.o(STACK)

    Global Symbols

    Symbol Name                              Value     Ov Type        Size  Object(Section)

    BuildAttributes$$THM_ISAv4$P$D$K$B$S$PE$A:L22UL41UL21$X:L11$S22US41US21$IEEE1$IW$USESV6$~STKCKD$USESV7$~SHL$OSPACE$EBA8$MICROLIB$REQ8$PRES8$EABIv2 0x00000000   Number         0  anon$$obj.o ABSOLUTE
    __ARM_use_no_argv                        0x00000000   Number         0  main.o ABSOLUTE
    __use_no_errno                           0x00000000   Number         0  useno.o ABSOLUTE
    __use_no_exception_handling              0x00000000   Number         0  useno.o ABSOLUTE
    __use_no_fp                              0x00000000   Number         0  useno.o ABSOLUTE
    __use_no_heap                            0x00000000   Number         0  useno.o ABSOLUTE
    __use_no_heap_region                     0x00000000   Number         0  useno.o ABSOLUTE
    __use_no_semihosting                     0x00000000   Number         0  useno.o ABSOLUTE
    __use_no_semihosting_swi                 0x00000000   Number         0  useno.o ABSOLUTE
    __use_no_signal_handling                 0x00000000   Number         0  useno.o ABSOLUTE
    __Vectors_Size                           0x00000130   Number         0  startup_stm32f10x_hd.o ABSOLUTE
    __Vectors                                0x08000000   Data           4  startup_stm32f10x_hd.o(RESET)
    __Vectors_End                            0x08000130   Data           0  startup_stm32f10x_hd.o(RESET)
    __main                                   0x08000131   Thumb Code     0  entry.o(.ARM.Collect$$$$00000000)
    _main_stk                                0x08000131   Thumb Code     0  entry2.o(.ARM.Collect$$$$00000001)
    _main_scatterload                        0x08000135   Thumb Code     0  entry5.o(.ARM.Collect$$$$00000004)
    __main_after_scatterload                 0x08000139   Thumb Code     0  entry5.o(.ARM.Collect$$$$00000004)
    _main_init                               0x08000139   Thumb Code     0  entry7.o(.ARM.Collect$$$$00000007)
    Reset_Handler                            0x08000145   Thumb Code     8  startup_stm32f10x_hd.o(.text)
    ADC1_2_IRQHandler                        0x0800015f   Thumb Code     0  startup_stm32f10x_hd.o(.text)
    ADC3_IRQHandler                          0x0800015f   Thumb Code     0  startup_stm32f10x_hd.o(.text)
    CAN1_RX1_IRQHandler                      0x0800015f   Thumb Code     0  startup_stm32f10x_hd.o(.text)
    CAN1_SCE_IRQHandler                      0x0800015f   Thumb Code     0  startup_stm32f10x_hd.o(.text)
    DMA1_Channel1_IRQHandler                 0x0800015f   Thumb Code     0  startup_stm32f10x_hd.o(.text)
    DMA1_Channel2_IRQHandler                 0x0800015f   Thumb Code     0  startup_stm32f10x_hd.o(.text)
    DMA1_Channel3_IRQHandler                 0x0800015f   Thumb Code     0  startup_stm32f10x_hd.o(.text)
    DMA1_Channel4_IRQHandler                 0x0800015f   Thumb Code     0  startup_stm32f10x_hd.o(.text)
    DMA1_Channel5_IRQHandler                 0x0800015f   Thumb Code     0  startup_stm32f10x_hd.o(.text)
    DMA1_Channel6_IRQHandler                 0x0800015f   Thumb Code     0  startup_stm32f10x_hd.o(.text)
    DMA1_Channel7_IRQHandler                 0x0800015f   Thumb Code     0  startup_stm32f10x_hd.o(.text)
    DMA2_Channel1_IRQHandler                 0x0800015f   Thumb Code     0  startup_stm32f10x_hd.o(.text)
    DMA2_Channel2_IRQHandler                 0x0800015f   Thumb Code     0  startup_stm32f10x_hd.o(.text)
    DMA2_Channel3_IRQHandler                 0x0800015f   Thumb Code     0  startup_stm32f10x_hd.o(.text)
    DMA2_Channel4_5_IRQHandler               0x0800015f   Thumb Code     0  startup_stm32f10x_hd.o(.text)
    EXTI0_IRQHandler                         0x0800015f   Thumb Code     0  startup_stm32f10x_hd.o(.text)
    EXTI15_10_IRQHandler                     0x0800015f   Thumb Code     0  startup_stm32f10x_hd.o(.text)
    EXTI1_IRQHandler                         0x0800015f   Thumb Code     0  startup_stm32f10x_hd.o(.text)
    EXTI2_IRQHandler                         0x0800015f   Thumb Code     0  startup_stm32f10x_hd.o(.text)
    EXTI3_IRQHandler                         0x0800015f   Thumb Code     0  startup_stm32f10x_hd.o(.text)
    EXTI4_IRQHandler                         0x0800015f   Thumb Code     0  startup_stm32f10x_hd.o(.text)
    FLASH_IRQHandler                         0x0800015f   Thumb Code     0  startup_stm32f10x_hd.o(.text)
    FSMC_IRQHandler                          0x0800015f   Thumb Code     0  startup_stm32f10x_hd.o(.text)
    I2C1_ER_IRQHandler                       0x0800015f   Thumb Code     0  startup_stm32f10x_hd.o(.text)
    I2C1_EV_IRQHandler                       0x0800015f   Thumb Code     0  startup_stm32f10x_hd.o(.text)
    I2C2_ER_IRQHandler                       0x0800015f   Thumb Code     0  startup_stm32f10x_hd.o(.text)
    I2C2_EV_IRQHandler                       0x0800015f   Thumb Code     0  startup_stm32f10x_hd.o(.text)
    PVD_IRQHandler                           0x0800015f   Thumb Code     0  startup_stm32f10x_hd.o(.text)
    RCC_IRQHandler                           0x0800015f   Thumb Code     0  startup_stm32f10x_hd.o(.text)
    RTCAlarm_IRQHandler                      0x0800015f   Thumb Code     0  startup_stm32f10x_hd.o(.text)
    RTC_IRQHandler                           0x0800015f   Thumb Code     0  startup_stm32f10x_hd.o(.text)
    SDIO_IRQHandler                          0x0800015f   Thumb Code     0  startup_stm32f10x_hd.o(.text)
    SPI1_IRQHandler                          0x0800015f   Thumb Code     0  startup_stm32f10x_hd.o(.text)
    SPI2_IRQHandler                          0x0800015f   Thumb Code     0  startup_stm32f10x_hd.o(.text)
    SPI3_IRQHandler                          0x0800015f   Thumb Code     0  startup_stm32f10x_hd.o(.text)
    TAMPER_IRQHandler                        0x0800015f   Thumb Code     0  startup_stm32f10x_hd.o(.text)
    TIM1_BRK_IRQHandler                      0x0800015f   Thumb Code     0  startup_stm32f10x_hd.o(.text)
    TIM1_CC_IRQHandler                       0x0800015f   Thumb Code     0  startup_stm32f10x_hd.o(.text)
    TIM1_TRG_COM_IRQHandler                  0x0800015f   Thumb Code     0  startup_stm32f10x_hd.o(.text)
    TIM1_UP_IRQHandler                       0x0800015f   Thumb Code     0  startup_stm32f10x_hd.o(.text)
    TIM2_IRQHandler                          0x0800015f   Thumb Code     0  startup_stm32f10x_hd.o(.text)
    TIM3_IRQHandler                          0x0800015f   Thumb Code     0  startup_stm32f10x_hd.o(.text)
    TIM4_IRQHandler                          0x0800015f   Thumb Code     0  startup_stm32f10x_hd.o(.text)
    TIM5_IRQHandler                          0x0800015f   Thumb Code     0  startup_stm32f10x_hd.o(.text)
    TIM6_IRQHandler                          0x0800015f   Thumb Code     0  startup_stm32f10x_hd.o(.text)
    TIM7_IRQHandler                          0x0800015f   Thumb Code     0  startup_stm32f10x_hd.o(.text)
    TIM8_BRK_IRQHandler                      0x0800015f   Thumb Code     0  startup_stm32f10x_hd.o(.text)
    TIM8_CC_IRQHandler                       0x0800015f   Thumb Code     0  startup_stm32f10x_hd.o(.text)
    TIM8_TRG_COM_IRQHandler                  0x0800015f   Thumb Code     0  startup_stm32f10x_hd.o(.text)
    TIM8_UP_IRQHandler                       0x0800015f   Thumb Code     0  startup_stm32f10x_hd.o(.text)
    UART4_IRQHandler                         0x0800015f   Thumb Code     0  startup_stm32f10x_hd.o(.text)
    UART5_IRQHandler                         0x0800015f   Thumb Code     0  startup_stm32f10x_hd.o(.text)
    USART2_IRQHandler                        0x0800015f   Thumb Code     0  startup_stm32f10x_hd.o(.text)
    USART3_IRQHandler                        0x0800015f   Thumb Code     0  startup_stm32f10x_hd.o(.text)
    USBWakeUp_IRQHandler                     0x0800015f   Thumb Code     0  startup_stm32f10x_hd.o(.text)
    USB_HP_CAN1_TX_IRQHandler                0x0800015f   Thumb Code     0  startup_stm32f10x_hd.o(.text)
    USB_LP_CAN1_RX0_IRQHandler               0x0800015f   Thumb Code     0  startup_stm32f10x_hd.o(.text)
    WWDG_IRQHandler                          0x0800015f   Thumb Code     0  startup_stm32f10x_hd.o(.text)
    NVIC_PriorityGroupConfig                 0x08000169   Thumb Code    10  misc.o(.text)
    NVIC_Init                                0x08000173   Thumb Code   118  misc.o(.text)
    NVIC_SetVectorTable                      0x080001e9   Thumb Code    12  misc.o(.text)
    NVIC_SystemLPConfig                      0x080001f5   Thumb Code    38  misc.o(.text)
    SysTick_CLKSourceConfig                  0x0800021b   Thumb Code    40  misc.o(.text)
    DMA_DeInit                               0x08000261   Thumb Code   320  stm32f10x_dma.o(.text)
    DMA_Init                                 0x080003a1   Thumb Code    60  stm32f10x_dma.o(.text)
    DMA_StructInit                           0x080003dd   Thumb Code    26  stm32f10x_dma.o(.text)
    DMA_Cmd                                  0x080003f7   Thumb Code    24  stm32f10x_dma.o(.text)
    DMA_ITConfig                             0x0800040f   Thumb Code    18  stm32f10x_dma.o(.text)
    DMA_SetCurrDataCounter                   0x08000421   Thumb Code     4  stm32f10x_dma.o(.text)
    DMA_GetCurrDataCounter                   0x08000425   Thumb Code     8  stm32f10x_dma.o(.text)
    DMA_GetFlagStatus                        0x0800042d   Thumb Code    34  stm32f10x_dma.o(.text)
    DMA_ClearFlag                            0x0800044f   Thumb Code    18  stm32f10x_dma.o(.text)
    DMA_GetITStatus                          0x08000461   Thumb Code    34  stm32f10x_dma.o(.text)
    DMA_ClearITPendingBit                    0x08000483   Thumb Code    18  stm32f10x_dma.o(.text)
    RCC_DeInit                               0x080004a9   Thumb Code    64  stm32f10x_rcc.o(.text)
    RCC_HSEConfig                            0x080004e9   Thumb Code    70  stm32f10x_rcc.o(.text)
    RCC_GetFlagStatus                        0x0800052f   Thumb Code    56  stm32f10x_rcc.o(.text)
    RCC_WaitForHSEStartUp                    0x08000567   Thumb Code    48  stm32f10x_rcc.o(.text)
    RCC_AdjustHSICalibrationValue            0x08000597   Thumb Code    20  stm32f10x_rcc.o(.text)
    RCC_HSICmd                               0x080005ab   Thumb Code     6  stm32f10x_rcc.o(.text)
    RCC_PLLConfig                            0x080005b1   Thumb Code    24  stm32f10x_rcc.o(.text)
    RCC_PLLCmd                               0x080005c9   Thumb Code     6  stm32f10x_rcc.o(.text)
    RCC_SYSCLKConfig                         0x080005cf   Thumb Code    18  stm32f10x_rcc.o(.text)
    RCC_GetSYSCLKSource                      0x080005e1   Thumb Code    10  stm32f10x_rcc.o(.text)
    RCC_HCLKConfig                           0x080005eb   Thumb Code    18  stm32f10x_rcc.o(.text)
    RCC_PCLK1Config                          0x080005fd   Thumb Code    18  stm32f10x_rcc.o(.text)
    RCC_PCLK2Config                          0x0800060f   Thumb Code    20  stm32f10x_rcc.o(.text)
    RCC_ITConfig                             0x08000623   Thumb Code    30  stm32f10x_rcc.o(.text)
    RCC_USBCLKConfig                         0x08000641   Thumb Code     6  stm32f10x_rcc.o(.text)
    RCC_ADCCLKConfig                         0x08000647   Thumb Code    18  stm32f10x_rcc.o(.text)
    RCC_LSEConfig                            0x08000659   Thumb Code    44  stm32f10x_rcc.o(.text)
    RCC_LSICmd                               0x08000685   Thumb Code     6  stm32f10x_rcc.o(.text)
    RCC_RTCCLKConfig                         0x0800068b   Thumb Code    12  stm32f10x_rcc.o(.text)
    RCC_RTCCLKCmd                            0x08000697   Thumb Code     6  stm32f10x_rcc.o(.text)
    RCC_GetClocksFreq                        0x0800069d   Thumb Code   192  stm32f10x_rcc.o(.text)
    RCC_AHBPeriphClockCmd                    0x0800075d   Thumb Code    26  stm32f10x_rcc.o(.text)
    RCC_APB2PeriphClockCmd                   0x08000777   Thumb Code    26  stm32f10x_rcc.o(.text)
    RCC_APB1PeriphClockCmd                   0x08000791   Thumb Code    26  stm32f10x_rcc.o(.text)
    RCC_APB2PeriphResetCmd                   0x080007ab   Thumb Code    26  stm32f10x_rcc.o(.text)
    RCC_APB1PeriphResetCmd                   0x080007c5   Thumb Code    26  stm32f10x_rcc.o(.text)
    RCC_BackupResetCmd                       0x080007df   Thumb Code     6  stm32f10x_rcc.o(.text)
    RCC_ClockSecuritySystemCmd               0x080007e5   Thumb Code     6  stm32f10x_rcc.o(.text)
    RCC_MCOConfig                            0x080007eb   Thumb Code     6  stm32f10x_rcc.o(.text)
    RCC_ClearFlag                            0x080007f1   Thumb Code    14  stm32f10x_rcc.o(.text)
    RCC_GetITStatus                          0x080007ff   Thumb Code    20  stm32f10x_rcc.o(.text)
    RCC_ClearITPendingBit                    0x08000813   Thumb Code     6  stm32f10x_rcc.o(.text)
    USART_DeInit                             0x0800084d   Thumb Code   134  stm32f10x_usart.o(.text)
    USART_Init                               0x080008d3   Thumb Code   210  stm32f10x_usart.o(.text)
    USART_StructInit                         0x080009a5   Thumb Code    24  stm32f10x_usart.o(.text)
    USART_ClockInit                          0x080009bd   Thumb Code    34  stm32f10x_usart.o(.text)
    USART_ClockStructInit                    0x080009df   Thumb Code    12  stm32f10x_usart.o(.text)
    USART_Cmd                                0x080009eb   Thumb Code    24  stm32f10x_usart.o(.text)
    USART_ITConfig                           0x08000a03   Thumb Code    74  stm32f10x_usart.o(.text)
    USART_DMACmd                             0x08000a4d   Thumb Code    24  stm32f10x_usart.o(.text)
    USART_SetAddress                         0x08000a65   Thumb Code    18  stm32f10x_usart.o(.text)
    USART_WakeUpConfig                       0x08000a77   Thumb Code    18  stm32f10x_usart.o(.text)
    USART_ReceiverWakeUpCmd                  0x08000a89   Thumb Code    24  stm32f10x_usart.o(.text)
    USART_LINBreakDetectLengthConfig         0x08000aa1   Thumb Code    18  stm32f10x_usart.o(.text)
    USART_LINCmd                             0x08000ab3   Thumb Code    24  stm32f10x_usart.o(.text)
    USART_SendData                           0x08000acb   Thumb Code     8  stm32f10x_usart.o(.text)
    USART_ReceiveData                        0x08000ad3   Thumb Code    10  stm32f10x_usart.o(.text)
    USART_SendBreak                          0x08000add   Thumb Code    10  stm32f10x_usart.o(.text)
    USART_SetGuardTime                       0x08000ae7   Thumb Code    16  stm32f10x_usart.o(.text)
    USART_SetPrescaler                       0x08000af7   Thumb Code    16  stm32f10x_usart.o(.text)
    USART_SmartCardCmd                       0x08000b07   Thumb Code    24  stm32f10x_usart.o(.text)
    USART_SmartCardNACKCmd                   0x08000b1f   Thumb Code    24  stm32f10x_usart.o(.text)
    USART_HalfDuplexCmd                      0x08000b37   Thumb Code    24  stm32f10x_usart.o(.text)
    USART_OverSampling8Cmd                   0x08000b4f   Thumb Code    22  stm32f10x_usart.o(.text)
    USART_OneBitMethodCmd                    0x08000b65   Thumb Code    24  stm32f10x_usart.o(.text)
    USART_IrDAConfig                         0x08000b7d   Thumb Code    18  stm32f10x_usart.o(.text)
    USART_IrDACmd                            0x08000b8f   Thumb Code    24  stm32f10x_usart.o(.text)
    USART_GetFlagStatus                      0x08000ba7   Thumb Code    26  stm32f10x_usart.o(.text)
    USART_ClearFlag                          0x08000bc1   Thumb Code    18  stm32f10x_usart.o(.text)
    USART_GetITStatus                        0x08000bd3   Thumb Code    84  stm32f10x_usart.o(.text)
    USART_ClearITPendingBit                  0x08000c27   Thumb Code    50  stm32f10x_usart.o(.text)
    GPIO_DeInit                              0x08000c59   Thumb Code   172  stm32f10x_gpio.o(.text)
    GPIO_AFIODeInit                          0x08000d05   Thumb Code    20  stm32f10x_gpio.o(.text)
    GPIO_Init                                0x08000d19   Thumb Code   274  stm32f10x_gpio.o(.text)
    GPIO_StructInit                          0x08000e2b   Thumb Code    16  stm32f10x_gpio.o(.text)
    GPIO_ReadInputDataBit                    0x08000e3b   Thumb Code    18  stm32f10x_gpio.o(.text)
    GPIO_ReadInputData                       0x08000e4d   Thumb Code     8  stm32f10x_gpio.o(.text)
    GPIO_ReadOutputDataBit                   0x08000e55   Thumb Code    18  stm32f10x_gpio.o(.text)
    GPIO_ReadOutputData                      0x08000e67   Thumb Code     8  stm32f10x_gpio.o(.text)
    GPIO_SetBits                             0x08000e6f   Thumb Code     4  stm32f10x_gpio.o(.text)
    GPIO_ResetBits                           0x08000e73   Thumb Code     4  stm32f10x_gpio.o(.text)
    GPIO_WriteBit                            0x08000e77   Thumb Code    10  stm32f10x_gpio.o(.text)
    GPIO_Write                               0x08000e81   Thumb Code     4  stm32f10x_gpio.o(.text)
    GPIO_PinLockConfig                       0x08000e85   Thumb Code    18  stm32f10x_gpio.o(.text)
    GPIO_EventOutputConfig                   0x08000e97   Thumb Code    26  stm32f10x_gpio.o(.text)
    GPIO_EventOutputCmd                      0x08000eb1   Thumb Code     6  stm32f10x_gpio.o(.text)
    GPIO_PinRemapConfig                      0x08000eb7   Thumb Code   138  stm32f10x_gpio.o(.text)
    GPIO_EXTILineConfig                      0x08000f41   Thumb Code    66  stm32f10x_gpio.o(.text)
    GPIO_ETH_MediaInterfaceConfig            0x08000f83   Thumb Code     6  stm32f10x_gpio.o(.text)
    EXTI_DeInit                              0x08000fb1   Thumb Code    30  stm32f10x_exti.o(.text)
    EXTI_Init                                0x08000fcf   Thumb Code   160  stm32f10x_exti.o(.text)
    EXTI_StructInit                          0x0800106f   Thumb Code    16  stm32f10x_exti.o(.text)
    EXTI_GenerateSWInterrupt                 0x0800107f   Thumb Code    16  stm32f10x_exti.o(.text)
    EXTI_GetFlagStatus                       0x0800108f   Thumb Code    20  stm32f10x_exti.o(.text)
    EXTI_ClearFlag                           0x080010a3   Thumb Code     6  stm32f10x_exti.o(.text)
    EXTI_GetITStatus                         0x080010a9   Thumb Code    34  stm32f10x_exti.o(.text)
    EXTI_ClearITPendingBit                   0x080010cb   Thumb Code     6  stm32f10x_exti.o(.text)
    read_camara_fifo                         0x080010ed   Thumb Code   128  main.o(.text)
    main                                     0x0800116d   Thumb Code   208  main.o(.text)
    NMI_Handler                              0x08001265   Thumb Code     2  stm32f10x_it.o(.text)
    HardFault_Handler                        0x08001267   Thumb Code     4  stm32f10x_it.o(.text)
    MemManage_Handler                        0x0800126b   Thumb Code     4  stm32f10x_it.o(.text)
    BusFault_Handler                         0x0800126f   Thumb Code     4  stm32f10x_it.o(.text)
    UsageFault_Handler                       0x08001273   Thumb Code     4  stm32f10x_it.o(.text)
    SVC_Handler                              0x08001277   Thumb Code     2  stm32f10x_it.o(.text)
    DebugMon_Handler                         0x08001279   Thumb Code     2  stm32f10x_it.o(.text)
    PendSV_Handler                           0x0800127b   Thumb Code     2  stm32f10x_it.o(.text)
    SysTick_Handler                          0x0800127d   Thumb Code     2  stm32f10x_it.o(.text)
    EXTI9_5_IRQHandler                       0x0800127f   Thumb Code    86  stm32f10x_it.o(.text)
    SystemInit                               0x080013ad   Thumb Code    78  system_stm32f10x.o(.text)
    SystemCoreClockUpdate                    0x080013fb   Thumb Code   142  system_stm32f10x.o(.text)
    MYDMA_Config                             0x080014ad   Thumb Code    82  dma.o(.text)
    MYDMA_Enable                             0x080014ff   Thumb Code    32  dma.o(.text)
    OV7725_GPIO_Config                       0x08001625   Thumb Code    16  bsp_ov7725.o(.text)
    OV7725_Init                              0x08001635   Thumb Code   116  bsp_ov7725.o(.text)
    OV7725_Light_Mode                        0x080016a9   Thumb Code   282  bsp_ov7725.o(.text)
    OV7725_Color_Saturation                  0x080017c3   Thumb Code    46  bsp_ov7725.o(.text)
    OV7725_Brightness                        0x080017f1   Thumb Code   104  bsp_ov7725.o(.text)
    OV7725_Contrast                          0x08001859   Thumb Code    40  bsp_ov7725.o(.text)
    OV7725_Special_Effect                    0x08001881   Thumb Code   224  bsp_ov7725.o(.text)
    OV7725_Window_Set                        0x08001961   Thumb Code   232  bsp_ov7725.o(.text)
    OV7725_Window_VGA_Set                    0x08001a49   Thumb Code   212  bsp_ov7725.o(.text)
    ImagDisp                                 0x08001b1d   Thumb Code    32  bsp_ov7725.o(.text)
    SCCB_GPIO_Config                         0x08001b3d   Thumb Code    36  bsp_sccb.o(.text)
    SCCB_WriteByte                           0x08001d47   Thumb Code    64  bsp_sccb.o(.text)
    SCCB_ReadByte                            0x08001d87   Thumb Code   122  bsp_sccb.o(.text)
    delay_init                               0x08001e05   Thumb Code    40  delay.o(.text)
    delay_us                                 0x08001e2d   Thumb Code    70  delay.o(.text)
    delay_ms                                 0x08001e73   Thumb Code    70  delay.o(.text)
    NVIC_Configuration                       0x08001ec9   Thumb Code    12  sys.o(.text)
    fputc                                    0x08001ed5   Thumb Code    20  usart.o(.text)
    uart_init                                0x08001ee9   Thumb Code   152  usart.o(.text)
    USART1_IRQHandler                        0x08001f81   Thumb Code   122  usart.o(.text)
    __scatterload                            0x08002011   Thumb Code    28  init.o(.text)
    __scatterload_rt2                        0x08002011   Thumb Code     0  init.o(.text)
    __decompress                             0x08002035   Thumb Code     0  __dczerorl.o(.text)
    __decompress0                            0x08002035   Thumb Code    58  __dczerorl.o(.text)
    __scatterload_copy                       0x0800206f   Thumb Code    14  handlers.o(i.__scatterload_copy)
    __scatterload_null                       0x0800207d   Thumb Code     2  handlers.o(i.__scatterload_null)
    __scatterload_zeroinit                   0x0800207f   Thumb Code    14  handlers.o(i.__scatterload_zeroinit)
    Region$$Table$$Base                      0x0800208c   Number         0  anon$$obj.o(Region$$Table)
    Region$$Table$$Limit                     0x080020ac   Number         0  anon$$obj.o(Region$$Table)
    SendBuff                                 0x20000014   Data       19202  main.o(.data)
    SystemCoreClock                          0x20004b18   Data           4  system_stm32f10x.o(.data)
    AHBPrescTable                            0x20004b1c   Data          16  system_stm32f10x.o(.data)
    DMA1_MEM_LEN                             0x20004b2c   Data           2  dma.o(.data)
    cam_mode                                 0x20004b2e   Data          20  bsp_ov7725.o(.data)
    Sensor_Config                            0x20004b42   Data         154  bsp_ov7725.o(.data)
    OV7725_REG_NUM                           0x20004bdc   Data           1  bsp_ov7725.o(.data)
    Ov7725_vsync                             0x20004bdd   Data           1  bsp_ov7725.o(.data)
    USART_RX_STA                             0x20004be4   Data           2  usart.o(.data)
    __stdout                                 0x20004be8   Data           4  usart.o(.data)
    DMA_InitStructure                        0x20004bec   Data          44  dma.o(.bss)
    USART_RX_BUF                             0x20004c18   Data         200  usart.o(.bss)
    __initial_sp                             0x200050e0   Data           0  startup_stm32f10x_hd.o(STACK)



==============================================================================

Memory Map of the image

  Image Entry point : 0x08000131

  Load Region LR_IROM1 (Base: 0x08000000, Size: 0x00006c98, Max: 0x00080000, ABSOLUTE, COMPRESSED[0x00002210])

    Execution Region ER_IROM1 (Base: 0x08000000, Size: 0x000020ac, Max: 0x00080000, ABSOLUTE)

    Base Addr    Size         Type   Attr      Idx    E Section Name        Object

    0x08000000   0x00000130   Data   RO           39    RESET               startup_stm32f10x_hd.o
    0x08000130   0x00000000   Code   RO          365  * .ARM.Collect$$$$00000000  mc_w.l(entry.o)(mc_w.l)
    0x08000130   0x00000004   Code   RO          368    .ARM.Collect$$$$00000001  mc_w.l(entry2.o)(mc_w.l)
    0x08000134   0x00000004   Code   RO          371    .ARM.Collect$$$$00000004  mc_w.l(entry5.o)(mc_w.l)
    0x08000138   0x00000008   Code   RO          372    .ARM.Collect$$$$00000007  mc_w.l(entry7.o)(mc_w.l)
    0x08000140   0x00000004   Code   RO          369    .ARM.Collect$$$$00002712  mc_w.l(entry2.o)(mc_w.l)
    0x08000144   0x00000024   Code   RO           40    .text               startup_stm32f10x_hd.o
    0x08000168   0x000000f8   Code   RO           44    .text               misc.o
    0x08000260   0x00000248   Code   RO           59    .text               stm32f10x_dma.o
    0x080004a8   0x000003a4   Code   RO           74    .text               stm32f10x_rcc.o
    0x0800084c   0x0000040c   Code   RO          103    .text               stm32f10x_usart.o
    0x08000c58   0x00000358   Code   RO          118    .text               stm32f10x_gpio.o
    0x08000fb0   0x0000013c   Code   RO          130    .text               stm32f10x_exti.o
    0x080010ec   0x00000178   Code   RO          145    .text               main.o
    0x08001264   0x00000080   Code   RO          188    .text               stm32f10x_it.o
    0x080012e4   0x000001c8   Code   RO          207    .text               system_stm32f10x.o
    0x080014ac   0x00000080   Code   RO          225    .text               dma.o
    0x0800152c   0x00000610   Code   RO          247    .text               bsp_ov7725.o
    0x08001b3c   0x000002c8   Code   RO          289    .text               bsp_sccb.o
    0x08001e04   0x000000c4   Code   RO          304    .text               delay.o
    0x08001ec8   0x0000000c   Code   RO          327    .text               sys.o
    0x08001ed4   0x0000013c   Code   RO          339    .text               usart.o
    0x08002010   0x00000024   Code   RO          373    .text               mc_w.l(init.o)(mc_w.l)
    0x08002034   0x0000003a   Code   RO          383    .text               mc_w.l(__dczerorl.o)(mc_w.l)
    0x0800206e   0x0000000e   Code   RO          377    i.__scatterload_copy  mc_w.l(handlers.o)(mc_w.l)
    0x0800207c   0x00000002   Code   RO          378    i.__scatterload_null  mc_w.l(handlers.o)(mc_w.l)
    0x0800207e   0x0000000e   Code   RO          379    i.__scatterload_zeroinit  mc_w.l(handlers.o)(mc_w.l)
    0x0800208c   0x00000020   Data   RO          375    Region$$Table       anon$$obj.o


    Execution Region RW_IRAM1 (Base: 0x20000000, Size: 0x000050e0, Max: 0x00010000, ABSOLUTE, COMPRESSED[0x00000164])

    Base Addr    Size         Type   Attr      Idx    E Section Name        Object

    0x20000000   0x00000014   Data   RW           75    .data               stm32f10x_rcc.o
    0x20000014   0x00004b02   Data   RW          147    .data               main.o
    0x20004b16   0x00000002   PAD
    0x20004b18   0x00000014   Data   RW          208    .data               system_stm32f10x.o
    0x20004b2c   0x00000002   Data   RW          227    .data               dma.o
    0x20004b2e   0x000000b0   Data   RW          248    .data               bsp_ov7725.o
    0x20004bde   0x00000004   Data   RW          305    .data               delay.o
    0x20004be2   0x00000002   PAD
    0x20004be4   0x00000008   Data   RW          341    .data               usart.o
    0x20004bec   0x0000002c   Zero   RW          226    .bss                dma.o
    0x20004c18   0x000000c8   Zero   RW          340    .bss                usart.o
    0x20004ce0   0x00000400   Zero   RW           37    STACK               startup_stm32f10x_hd.o


==============================================================================

Image component sizes


      Code (inc. data)   RO Data    RW Data    ZI Data      Debug   Object Name

      1552         52          0        176          0          0   bsp_ov7725.o
       712          4          0          0          0          0   bsp_sccb.o
         0          0          0          0          0          0   core_cm3.o
       196         16          0          4          0          0   delay.o
       128         14          0          2         44          0   dma.o
       376         40          0      19202          0          0   main.o
       248         30          0          0          0          0   misc.o
        36          8        304          0       1024          0   startup_stm32f10x_hd.o
       584         20          0          0          0          0   stm32f10x_dma.o
       316         28          0          0          0          0   stm32f10x_exti.o
       856         40          0          0          0          0   stm32f10x_gpio.o
       128         16          0          0          0          0   stm32f10x_it.o
       932         52          0         20          0          0   stm32f10x_rcc.o
      1036         20          0          0          0          0   stm32f10x_usart.o
        12          0          0          0          0          0   sys.o
       456         36          0         20          0          0   system_stm32f10x.o
       316         22          0          8        200          0   usart.o

    ----------------------------------------------------------------------
      7884        398        336      19436       1268          0   Object Totals
         0          0         32          0          0          0   (incl. Generated)
         0          0          0          4          0          3   (incl. Padding)

    ----------------------------------------------------------------------

      Code (inc. data)   RO Data    RW Data    ZI Data      Debug   Library Member Name

        58          0          0          0          0          0   __dczerorl.o
         0          0          0          0          0          0   entry.o
         8          4          0          0          0          0   entry2.o
         4          0          0          0          0          0   entry5.o
         8          4          0          0          0          0   entry7.o
        30          0          0          0          0          0   handlers.o
        36          8          0          0          0          0   init.o

    ----------------------------------------------------------------------
       144         16          0          0          0          0   Library Totals
         0          0          0          0          0          0   (incl. Padding)

    ----------------------------------------------------------------------

      Code (inc. data)   RO Data    RW Data    ZI Data      Debug   Library Name

       144         16          0          0          0         68   mc_w.l

    ----------------------------------------------------------------------
       144         16          0          0          0          0   Library Totals

    ----------------------------------------------------------------------

==============================================================================


      Code (inc. data)   RO Data    RW Data    ZI Data      Debug   

      8028        414        336      19436       1268     521332   Grand Totals
      8028        414        336        356       1268     521332   ELF Image Totals (compressed)
      8028        414        336        356          0          0   ROM Totals

==============================================================================

    Total RO  Size (Code + RO Data)                 8364 (   8.17kB)
    Total RW  Size (RW Data + ZI Data)             20704 (  20.22kB)
    Total ROM Size (Code + RO Data + RW Data)       8720 (   8.52kB)

==============================================================================

